// Jest Snapshot v1, https://goo.gl/fbAQLP

exports[`renders correctly 1`] = `
<div>
  <main
    class="main main"
  >
    <div
      class="container"
    >
      <h1
        class="visually-hidden"
      >
        About page
      </h1>
      <div
        class="blocksInfo"
      >
        <div
          class="blockIntro"
        >
          <h2
            class="introTitle"
          >
            Team work
          </h2>
          <div
            class="introParagraph"
          >
            To collaborate effectively, we held regular meetings to share progress, look for solutions to problems, and find the best ideas.
          </div>
          <div
            class="introParagraph"
          >
            Aleksandra conceived and brought to life the overall look of the site, and the team subsequently refined the color palette and layout down to the smallest detail.
          </div>
          <div
            class="introParagraph"
          >
            Vadim was the first to work on queries to CommerceTools and at a scheduled meeting he taught the logic of how queries work, which subsequently allowed the entire team to write their queries without any problems.
          </div>
          <div
            class="introParagraph"
          >
            Ivan implemented a contextual system into our React project, which allowed the site to run without extra requests to the backend. He also shared his knowledge among the participants, allowing them to use it in the future without any problems.
          </div>
          <div
            class="introParagraph"
          >
            We implemented agile methods, including stand-ups every two days and sprint planning. When problems arose, we worked closely together to eliminate bottlenecks.
          </div>
          <div
            class="introParagraph"
          >
            To sum it up, our collaboration was like a symphony: diverse talents came together to create a remarkable store.
          </div>
        </div>
        <div
          class="blockInfo"
        >
          <a
            class="linkImage"
            href="https://github.com/izy-code"
          >
            <div
              class="imageCommand imageIzy"
            />
          </a>
          <div
            class="textInfo"
          >
            <a
              class="titleBlock"
              href="https://github.com/izy-code"
            >
              <h2>
                Ivan Zhirebny
                 
              </h2>
            </a>
            <div>
              <span
                class="infoTitle"
              >
                Github: 
              </span>
              <a
                class="link"
                href="https://github.com/izy-code"
              >
                izy-code
              </a>
            </div>
            <div>
              <span
                class="infoTitle"
              >
                Role: 
              </span>
              frontend-developer
            </div>
            <div>
              <span
                class="infoTitle"
              >
                Contributions: 
              </span>
              CommerceTools, Tests, Routing, Detailed product page, Error page, Header, Breadcrumbs, React contexts, 404 page
            </div>
            <div>
              <span
                class="infoTitle"
              >
                Short bio: 
              </span>
               Graduated from the Bauman Moscow State Technical University, completed the Frontend Developer program at the HTML Academy
            </div>
            <div>
              <span
                class="infoTitle"
              >
                Soft stack: 
              </span>
              <span
                class="softStackItem"
              >
                CSS
              </span>
              <span
                class="softStackItem"
              >
                Sass
              </span>
              <span
                class="softStackItem"
              >
                HTML
              </span>
              <span
                class="softStackItem"
              >
                JavaScript
              </span>
              <span
                class="softStackItem"
              >
                Java
              </span>
              <span
                class="softStackItem"
              >
                TypeScript
              </span>
              <span
                class="softStackItem"
              >
                Webpack
              </span>
              <span
                class="softStackItem"
              >
                Vite
              </span>
              <span
                class="softStackItem"
              >
                Jest
              </span>
              <span
                class="softStackItem"
              >
                React
              </span>
            </div>
          </div>
        </div>
        <div
          class="blockInfo rotate"
        >
          <a
            class="linkImage"
            href="https://github.com/VadimKol"
          >
            <div
              class="imageCommand imageVadim"
            />
          </a>
          <div
            class="textInfo"
          >
            <a
              class="titleBlock"
              href="https://github.com/VadimKol"
            >
              <h2>
                Vadim Kolymbet
                 
              </h2>
            </a>
            <div>
              <span
                class="infoTitle"
              >
                Github: 
              </span>
              <a
                class="link"
                href="https://github.com/VadimKol"
              >
                vadimkol
              </a>
            </div>
            <div>
              <span
                class="infoTitle"
              >
                Role: 
              </span>
              frontend-developer
            </div>
            <div>
              <span
                class="infoTitle"
              >
                Contributions: 
              </span>
              CommerceTools, Tests, Login page, Catalog page, Cart page, Repository setup
            </div>
            <div>
              <span
                class="infoTitle"
              >
                Short bio: 
              </span>
              Graduated from Saratov State University, studied at the Faculty of Computer Science and Information Technologies and in the Department of Computer Security and Cryptography Theory. Graduated layout courses from Frontendblok. Worked as a TSQL developer
            </div>
            <div>
              <span
                class="infoTitle"
              >
                Soft stack: 
              </span>
              <span
                class="softStackItem"
              >
                CSS
              </span>
              <span
                class="softStackItem"
              >
                Sass
              </span>
              <span
                class="softStackItem"
              >
                SQL
              </span>
              <span
                class="softStackItem"
              >
                HTML
              </span>
              <span
                class="softStackItem"
              >
                JavaScript
              </span>
              <span
                class="softStackItem"
              >
                TypeScript
              </span>
              <span
                class="softStackItem"
              >
                Webpack
              </span>
              <span
                class="softStackItem"
              >
                Vite
              </span>
              <span
                class="softStackItem"
              >
                Jest
              </span>
              <span
                class="softStackItem"
              >
                React
              </span>
            </div>
          </div>
        </div>
        <div
          class="blockInfo"
        >
          <a
            class="linkImage"
            href="https://github.com/BodnarAlex"
          >
            <div
              class="imageCommand imageAlex"
            />
          </a>
          <div
            class="textInfo"
          >
            <a
              class="titleBlock"
              href="https://github.com/BodnarAlex"
            >
              <h2>
                Aleksandra Bodnar
                 
              </h2>
            </a>
            <div>
              <span
                class="infoTitle"
              >
                Github: 
              </span>
              <a
                class="link"
                href="https://github.com/BodnarAlex"
              >
                bodnaralex
              </a>
            </div>
            <div>
              <span
                class="infoTitle"
              >
                Role: 
              </span>
               frontend-developer, scrum-master
            </div>
            <div>
              <span
                class="infoTitle"
              >
                Contributions: 
              </span>
              CommerceTools, Design, Registration page, Home page, About page, Profile page
            </div>
            <div>
              <span
                class="infoTitle"
              >
                Short bio: 
              </span>
              Graduated from the Immanuel Kant Baltic Federal University, studied at the Faculty of Business Informatics. Graduated from 3WC courses with a degree in Frontend-developer. Worked on PHP for 1C CRM
            </div>
            <div>
              <span
                class="infoTitle"
              >
                Soft stack: 
              </span>
              <span
                class="softStackItem"
              >
                PHP
              </span>
              <span
                class="softStackItem"
              >
                C++
              </span>
              <span
                class="softStackItem"
              >
                Python
              </span>
              <span
                class="softStackItem"
              >
                Wordpress
              </span>
              <span
                class="softStackItem"
              >
                CSS
              </span>
              <span
                class="softStackItem"
              >
                Sass
              </span>
              <span
                class="softStackItem"
              >
                HTML
              </span>
              <span
                class="softStackItem"
              >
                JavaScript
              </span>
              <span
                class="softStackItem"
              >
                TypeScript
              </span>
              <span
                class="softStackItem"
              >
                Webpack
              </span>
              <span
                class="softStackItem"
              >
                Vite
              </span>
              <span
                class="softStackItem"
              >
                React
              </span>
            </div>
          </div>
        </div>
        <div
          class="blockInfo rotate"
        >
          <a
            class="linkImage"
            href="https://rollingscopes.com/"
          >
            <div
              class="imageCommand imageRss"
            />
          </a>
          <div
            class="textInfo"
          >
            <a
              class="titleBlock"
              href="https://rollingscopes.com/"
            >
              <h2>
                Rolling Scopes School
                 
              </h2>
            </a>
            <div>
              RSSchool is an online educational community specializing in web development and programming. It offers comprehensive, well-structured courses designed for both beginners and experienced developers. Known for its high-quality education, RSSchool provides an extensive curriculum that covers everything from basic HTML, CSS, and JavaScript to advanced technologies like React and Node.js. The school is emphasis on project-based learning allows students to build real-world projects and create impressive portfolios.
            </div>
            <div>
              RSSchool thrives on a vibrant community of volunteers, including seasoned developers and alumni who mentor and support new learners.
            </div>
          </div>
        </div>
      </div>
    </div>
  </main>
</div>
`;
