// Jest Snapshot v1, https://goo.gl/fbAQLP

exports[`Testing login form renders correctly 1`] = `
<div>
  <main
    class="main"
  >
    <form
      class="login"
    >
      <h2
        class="login_title"
      >
        Login
      </h2>
      <label
        class="email_label"
        for="email-login"
      >
        Email:
        <input
          aria-invalid="true"
          autocomplete="email"
          class="email"
          id="email-login"
          name="email"
          placeholder="user@example.com"
          type="text"
        />
      </label>
      <div
        class="password_block"
      >
        <label
          class="password_label"
          for="password-login"
        >
          Password:
          <input
            aria-invalid="true"
            autocomplete="current-password"
            class="password"
            id="password-login"
            name="password"
            placeholder="password"
            type="password"
          />
        </label>
        <button
          aria-label="Reveal"
          class="reveal"
          type="button"
        />
      </div>
      <button
        class="button button--primary"
        disabled=""
        id=""
        type="submit"
      >
        Log in
      </button>
      <p
        class="registry_link"
      >
        Havenâ€™t registered yet? Sign up
        <a
          class="link"
          href="/register"
        >
           here!
        </a>
      </p>
    </form>
  </main>
</div>
`;
