// Jest Snapshot v1, https://goo.gl/fbAQLP

exports[`renders correctly 1`] = `
<div>
  <div
    class="animateBlock"
  >
    <div
      class="animateLine"
    >
       
    </div>
  </div>
</div>
`;
