// Jest Snapshot v1, https://goo.gl/fbAQLP

exports[`renders correctly 1`] = `
<div>
  <div
    class="Toast"
  >
    <div
      class="Toastify"
    />
  </div>
</div>
`;
